src/components/ProtectedRoute.tsx(10,41): error TS6133: 'user' is declared but its value is never read.
src/contexts/AuthContext.tsx(1,58): error TS1484: 'ReactNode' is a type and must be imported using a type-only import when 'verbatimModuleSyntax' is enabled.
src/pages/ArsipPage.tsx(2,42): error TS6133: 'Image' is declared but its value is never read.
src/pages/DepartemenPage.tsx(2,46): error TS6133: 'X' is declared but its value is never read.
src/pages/KasDetailPage.tsx(2,16): error TS6133: 'Search' is declared but its value is never read.
src/pages/KegiatanPage.tsx(2,16): error TS6133: 'Search' is declared but its value is never read.
src/pages/KepengurusanPage.tsx(2,16): error TS6133: 'Search' is declared but its value is never read.
